ISA*00*0084182369*00*_   _*ZZ*GOVDPIBS*12*8004171844*20200918*1540*U*00401*100001272*0*T*|
GS*SI*MYMOVE*8004171844*20200918*1540*100001251*X*004010
ST*858*0001
BX*00*J*PP*7185-9368*TRUS**4
N9*CN*7185-9368-1**
N9*CT*TRUSS_TEST**
N9*1W*Leo, Spacemen**
N9*ML*E_1**
N9*3L*ARMY**
G62*86*2020-09-18*0*
N1*ST**10*CNNQ
N3*Fort Gordon*
N4*Augusta*GA*30813*United States**
N1*SF*ujgAIm8joq*10*LKNQ
N3*987 Other Avenue*P.O. Box 1234
N4*Des Moines*IA*50309*US**
HL*1**|
N9*PO*663f3460-4b11-4680-8206-c5f4cb0cbed9**
L5*1*DLH - Domestic Line Haul*TBD*D**
L0*1*373.000*DM*1349.000*B******L
L3*1349.000*B*1296181
HL*2**|
N9*PO*0be6e6df-0ca3-42c5-af73-9b16b0da1fdf**
L0*2**********
L3***45423
HL*3**|
N9*PO*973438e1-5005-4f95-a90f-60c4cb9f95d7**
L0*3**********
L3***22353
HL*4**|
N9*PO*84708625-0e5c-4964-9781-824dec7893eb**
L0*4*373.000*DM*1349.000*B******L
L3*1349.000*B*362
SE*32*0001
GE*1*100001251
IEA*1*100001272